// Jest Snapshot v1, https://goo.gl/fbAQLP

exports[`when applied with "minimizerOptions" option should rewrite default options: assets 1`] = `
{
  "simple.html": "<!doctype html>
<html lang="en">
<head>
  <meta charset="UTF-8">
  <meta name="viewport" content="width=device-width,user-scalable=no,initial-scale=1,maximum-scale=1,minimum-scale=1">
  <meta http-equiv="X-UA-Compatible" content="ie=edge">
  <title>Document</title>
</head>
<body>

<h1>My First Heading</h1>
<p>My first paragraph.</p>
<h2>An Unordered HTML List</h2>

<ul>
  <li>Coffee</li>
  <li>Tea</li>
  <li>Milk</li>
</ul>

<h2>An Ordered HTML List</h2>

<ol>
  <li>Coffee</li>
  <li>Tea</li>
  <li>Milk</li>
</ol>

</body>
</html>
",
}
`;

exports[`when applied with "minimizerOptions" option should rewrite default options: errors 1`] = `[]`;

exports[`when applied with "minimizerOptions" option should rewrite default options: warnings 1`] = `[]`;
