// Jest Snapshot v1, https://goo.gl/fbAQLP

exports[`include option should match snapshot for a single RegExp value include: assets 1`] = `
{
  "include-exclude/exclude-1.html": "<!doctype html>
<html lang="en">
<head>
  <meta charset="UTF-8">
  <title>Document</title>
</head>
<body>

<h1>My First Heading</h1>
<p>My first paragraph.</p>
<h2>An Unordered HTML List</h2>

</body>
</html>
",
  "include-exclude/exclude-2.html": "<!doctype html>
<html lang="en">
<head>
  <meta charset="UTF-8">
  <title>Document</title>
</head>
<body>

<h1>My First Heading</h1>
<p>My first paragraph.</p>
<h2>An Unordered HTML List</h2>

</body>
</html>
",
  "include-exclude/include-1.html": "<!doctype html> <html lang="en"> <head> <meta charset="UTF-8"> <title>Document</title> </head> <body> <h1>My First Heading</h1> <p>My first paragraph.</p> <h2>An Unordered HTML List</h2> </body> </html> ",
  "include-exclude/include-2.html": "<!doctype html> <html lang="en"> <head> <meta charset="UTF-8"> <title>Document</title> </head> <body> <h1>My First Heading</h1> <p>My first paragraph.</p> <h2>An Unordered HTML List</h2> </body> </html> ",
  "include-exclude/include-3.html": "<!doctype html> <html lang="en"> <head> <meta charset="UTF-8"> <title>Document</title> </head> <body> <h1>My First Heading</h1> <p>My first paragraph.</p> <h2>An Unordered HTML List</h2> </body> </html> ",
  "include-exclude/include-4.html": "<!doctype html> <html lang="en"> <head> <meta charset="UTF-8"> <title>Document</title> </head> <body> <h1>My First Heading</h1> <p>My first paragraph.</p> <h2>An Unordered HTML List</h2> </body> </html> ",
}
`;

exports[`include option should match snapshot for a single RegExp value include: errors 1`] = `[]`;

exports[`include option should match snapshot for a single RegExp value include: warnings 1`] = `[]`;

exports[`include option should match snapshot for multiple RegExp values include: assets 1`] = `
{
  "include-exclude/exclude-1.html": "<!doctype html>
<html lang="en">
<head>
  <meta charset="UTF-8">
  <title>Document</title>
</head>
<body>

<h1>My First Heading</h1>
<p>My first paragraph.</p>
<h2>An Unordered HTML List</h2>

</body>
</html>
",
  "include-exclude/exclude-2.html": "<!doctype html>
<html lang="en">
<head>
  <meta charset="UTF-8">
  <title>Document</title>
</head>
<body>

<h1>My First Heading</h1>
<p>My first paragraph.</p>
<h2>An Unordered HTML List</h2>

</body>
</html>
",
  "include-exclude/include-1.html": "<!doctype html> <html lang="en"> <head> <meta charset="UTF-8"> <title>Document</title> </head> <body> <h1>My First Heading</h1> <p>My first paragraph.</p> <h2>An Unordered HTML List</h2> </body> </html> ",
  "include-exclude/include-2.html": "<!doctype html> <html lang="en"> <head> <meta charset="UTF-8"> <title>Document</title> </head> <body> <h1>My First Heading</h1> <p>My first paragraph.</p> <h2>An Unordered HTML List</h2> </body> </html> ",
  "include-exclude/include-3.html": "<!doctype html> <html lang="en"> <head> <meta charset="UTF-8"> <title>Document</title> </head> <body> <h1>My First Heading</h1> <p>My first paragraph.</p> <h2>An Unordered HTML List</h2> </body> </html> ",
  "include-exclude/include-4.html": "<!doctype html> <html lang="en"> <head> <meta charset="UTF-8"> <title>Document</title> </head> <body> <h1>My First Heading</h1> <p>My first paragraph.</p> <h2>An Unordered HTML List</h2> </body> </html> ",
}
`;

exports[`include option should match snapshot for multiple RegExp values include: errors 1`] = `[]`;

exports[`include option should match snapshot for multiple RegExp values include: warnings 1`] = `[]`;

exports[`include option should match snapshot for multiple String values include: assets 1`] = `
{
  "include-exclude/exclude-1.html": "<!doctype html> <html lang="en"> <head> <meta charset="UTF-8"> <title>Document</title> </head> <body> <h1>My First Heading</h1> <p>My first paragraph.</p> <h2>An Unordered HTML List</h2> </body> </html> ",
  "include-exclude/exclude-2.html": "<!doctype html> <html lang="en"> <head> <meta charset="UTF-8"> <title>Document</title> </head> <body> <h1>My First Heading</h1> <p>My first paragraph.</p> <h2>An Unordered HTML List</h2> </body> </html> ",
  "include-exclude/include-1.html": "<!doctype html>
<html lang="en">
<head>
  <meta charset="UTF-8">
  <title>Document</title>
</head>
<body>

<h1>My First Heading</h1>
<p>My first paragraph.</p>
<h2>An Unordered HTML List</h2>

</body>
</html>
",
  "include-exclude/include-2.html": "<!doctype html>
<html lang="en">
<head>
  <meta charset="UTF-8">
  <title>Document</title>
</head>
<body>

<h1>My First Heading</h1>
<p>My first paragraph.</p>
<h2>An Unordered HTML List</h2>

</body>
</html>
",
  "include-exclude/include-3.html": "<!doctype html>
<html lang="en">
<head>
  <meta charset="UTF-8">
  <title>Document</title>
</head>
<body>

<h1>My First Heading</h1>
<p>My first paragraph.</p>
<h2>An Unordered HTML List</h2>

</body>
</html>
",
  "include-exclude/include-4.html": "<!doctype html>
<html lang="en">
<head>
  <meta charset="UTF-8">
  <title>Document</title>
</head>
<body>

<h1>My First Heading</h1>
<p>My first paragraph.</p>
<h2>An Unordered HTML List</h2>

</body>
</html>
",
}
`;

exports[`include option should match snapshot for multiple String values include: errors 1`] = `[]`;

exports[`include option should match snapshot for multiple String values include: warnings 1`] = `[]`;
