// Jest Snapshot v1, https://goo.gl/fbAQLP

exports[`parallel option should match snapshot for the "2" value: assets 1`] = `
{
  "parallel/foo-0.html": "<!doctype html> <html lang="en"> <head> <meta charset="UTF-8"> <meta name="viewport" content="width=device-width,user-scalable=no,initial-scale=1,maximum-scale=1,minimum-scale=1"> <meta http-equiv="X-UA-Compatible" content="ie=edge"> <title>Cache</title> </head> <body> <h1>My First Heading</h1> <p>My first paragraph.</p> <h2>An Unordered HTML List</h2> <ul> <li>Coffee</li> <li>Tea</li> <li>Milk</li> </ul> <h2>An Ordered HTML List</h2> <ol> <li>Coffee</li> <li>Tea</li> <li>Milk</li> </ol> </body> </html> ",
  "parallel/foo-1.html": "<!doctype html> <html lang="en"> <head> <meta charset="UTF-8"> <meta name="viewport" content="width=device-width,user-scalable=no,initial-scale=1,maximum-scale=1,minimum-scale=1"> <meta http-equiv="X-UA-Compatible" content="ie=edge"> <title>Cache-1</title> </head> <body> <h1>My First Heading</h1> <p>My first paragraph.</p> <h2>An Unordered HTML List</h2> <ul> <li>Coffee</li> <li>Tea</li> <li>Milk</li> </ul> <h2>An Ordered HTML List</h2> <ol> <li>Coffee</li> <li>Tea</li> <li>Milk</li> </ol> </body> </html> ",
  "parallel/foo-2.html": "<!doctype html> <html lang="en"> <head> <meta charset="UTF-8"> <meta name="viewport" content="width=device-width,user-scalable=no,initial-scale=1,maximum-scale=1,minimum-scale=1"> <meta http-equiv="X-UA-Compatible" content="ie=edge"> <title>Cache-2</title> </head> <body> <h1>My First Heading</h1> <p>My first paragraph.</p> <h2>An Unordered HTML List</h2> <ul> <li>Coffee</li> <li>Tea</li> <li>Milk</li> </ul> <h2>An Ordered HTML List</h2> <ol> <li>Coffee</li> <li>Tea</li> <li>Milk</li> </ol> </body> </html> ",
  "parallel/foo-3.html": "<!doctype html> <html lang="en"> <head> <meta charset="UTF-8"> <meta name="viewport" content="width=device-width,user-scalable=no,initial-scale=1,maximum-scale=1,minimum-scale=1"> <meta http-equiv="X-UA-Compatible" content="ie=edge"> <title>Cache-3</title> </head> <body> <h1>My First Heading</h1> <p>My first paragraph.</p> <h2>An Unordered HTML List</h2> <ul> <li>Coffee</li> <li>Tea</li> <li>Milk</li> </ul> <h2>An Ordered HTML List</h2> <ol> <li>Coffee</li> <li>Tea</li> <li>Milk</li> </ol> </body> </html> ",
  "parallel/foo-4.html": "<!doctype html> <html lang="en"> <head> <meta charset="UTF-8"> <meta name="viewport" content="width=device-width,user-scalable=no,initial-scale=1,maximum-scale=1,minimum-scale=1"> <meta http-equiv="X-UA-Compatible" content="ie=edge"> <title>Cache-4</title> </head> <body> <h1>My First Heading</h1> <p>My first paragraph.</p> <h2>An Unordered HTML List</h2> <ul> <li>Coffee</li> <li>Tea</li> <li>Milk</li> </ul> <h2>An Ordered HTML List</h2> <ol> <li>Coffee</li> <li>Tea</li> <li>Milk</li> </ol> </body> </html> ",
}
`;

exports[`parallel option should match snapshot for the "2" value: errors 1`] = `[]`;

exports[`parallel option should match snapshot for the "2" value: warnings 1`] = `[]`;

exports[`parallel option should match snapshot for the "false" value: assets 1`] = `
{
  "parallel/foo-0.html": "<!doctype html> <html lang="en"> <head> <meta charset="UTF-8"> <meta name="viewport" content="width=device-width,user-scalable=no,initial-scale=1,maximum-scale=1,minimum-scale=1"> <meta http-equiv="X-UA-Compatible" content="ie=edge"> <title>Cache</title> </head> <body> <h1>My First Heading</h1> <p>My first paragraph.</p> <h2>An Unordered HTML List</h2> <ul> <li>Coffee</li> <li>Tea</li> <li>Milk</li> </ul> <h2>An Ordered HTML List</h2> <ol> <li>Coffee</li> <li>Tea</li> <li>Milk</li> </ol> </body> </html> ",
  "parallel/foo-1.html": "<!doctype html> <html lang="en"> <head> <meta charset="UTF-8"> <meta name="viewport" content="width=device-width,user-scalable=no,initial-scale=1,maximum-scale=1,minimum-scale=1"> <meta http-equiv="X-UA-Compatible" content="ie=edge"> <title>Cache-1</title> </head> <body> <h1>My First Heading</h1> <p>My first paragraph.</p> <h2>An Unordered HTML List</h2> <ul> <li>Coffee</li> <li>Tea</li> <li>Milk</li> </ul> <h2>An Ordered HTML List</h2> <ol> <li>Coffee</li> <li>Tea</li> <li>Milk</li> </ol> </body> </html> ",
  "parallel/foo-2.html": "<!doctype html> <html lang="en"> <head> <meta charset="UTF-8"> <meta name="viewport" content="width=device-width,user-scalable=no,initial-scale=1,maximum-scale=1,minimum-scale=1"> <meta http-equiv="X-UA-Compatible" content="ie=edge"> <title>Cache-2</title> </head> <body> <h1>My First Heading</h1> <p>My first paragraph.</p> <h2>An Unordered HTML List</h2> <ul> <li>Coffee</li> <li>Tea</li> <li>Milk</li> </ul> <h2>An Ordered HTML List</h2> <ol> <li>Coffee</li> <li>Tea</li> <li>Milk</li> </ol> </body> </html> ",
  "parallel/foo-3.html": "<!doctype html> <html lang="en"> <head> <meta charset="UTF-8"> <meta name="viewport" content="width=device-width,user-scalable=no,initial-scale=1,maximum-scale=1,minimum-scale=1"> <meta http-equiv="X-UA-Compatible" content="ie=edge"> <title>Cache-3</title> </head> <body> <h1>My First Heading</h1> <p>My first paragraph.</p> <h2>An Unordered HTML List</h2> <ul> <li>Coffee</li> <li>Tea</li> <li>Milk</li> </ul> <h2>An Ordered HTML List</h2> <ol> <li>Coffee</li> <li>Tea</li> <li>Milk</li> </ol> </body> </html> ",
  "parallel/foo-4.html": "<!doctype html> <html lang="en"> <head> <meta charset="UTF-8"> <meta name="viewport" content="width=device-width,user-scalable=no,initial-scale=1,maximum-scale=1,minimum-scale=1"> <meta http-equiv="X-UA-Compatible" content="ie=edge"> <title>Cache-4</title> </head> <body> <h1>My First Heading</h1> <p>My first paragraph.</p> <h2>An Unordered HTML List</h2> <ul> <li>Coffee</li> <li>Tea</li> <li>Milk</li> </ul> <h2>An Ordered HTML List</h2> <ol> <li>Coffee</li> <li>Tea</li> <li>Milk</li> </ol> </body> </html> ",
}
`;

exports[`parallel option should match snapshot for the "false" value: errors 1`] = `[]`;

exports[`parallel option should match snapshot for the "false" value: warnings 1`] = `[]`;

exports[`parallel option should match snapshot for the "true" value and the number of files is less than the number of cores: assets 1`] = `
{
  "parallel/foo-0.html": "<!doctype html> <html lang="en"> <head> <meta charset="UTF-8"> <meta name="viewport" content="width=device-width,user-scalable=no,initial-scale=1,maximum-scale=1,minimum-scale=1"> <meta http-equiv="X-UA-Compatible" content="ie=edge"> <title>Cache</title> </head> <body> <h1>My First Heading</h1> <p>My first paragraph.</p> <h2>An Unordered HTML List</h2> <ul> <li>Coffee</li> <li>Tea</li> <li>Milk</li> </ul> <h2>An Ordered HTML List</h2> <ol> <li>Coffee</li> <li>Tea</li> <li>Milk</li> </ol> </body> </html> ",
  "parallel/foo-1.html": "<!doctype html> <html lang="en"> <head> <meta charset="UTF-8"> <meta name="viewport" content="width=device-width,user-scalable=no,initial-scale=1,maximum-scale=1,minimum-scale=1"> <meta http-equiv="X-UA-Compatible" content="ie=edge"> <title>Cache-1</title> </head> <body> <h1>My First Heading</h1> <p>My first paragraph.</p> <h2>An Unordered HTML List</h2> <ul> <li>Coffee</li> <li>Tea</li> <li>Milk</li> </ul> <h2>An Ordered HTML List</h2> <ol> <li>Coffee</li> <li>Tea</li> <li>Milk</li> </ol> </body> </html> ",
}
`;

exports[`parallel option should match snapshot for the "true" value and the number of files is less than the number of cores: errors 1`] = `[]`;

exports[`parallel option should match snapshot for the "true" value and the number of files is less than the number of cores: warnings 1`] = `[]`;

exports[`parallel option should match snapshot for the "true" value and the number of files is more than the number of cores: assets 1`] = `
{
  "parallel/foo-0.html": "<!doctype html> <html lang="en"> <head> <meta charset="UTF-8"> <meta name="viewport" content="width=device-width,user-scalable=no,initial-scale=1,maximum-scale=1,minimum-scale=1"> <meta http-equiv="X-UA-Compatible" content="ie=edge"> <title>Cache</title> </head> <body> <h1>My First Heading</h1> <p>My first paragraph.</p> <h2>An Unordered HTML List</h2> <ul> <li>Coffee</li> <li>Tea</li> <li>Milk</li> </ul> <h2>An Ordered HTML List</h2> <ol> <li>Coffee</li> <li>Tea</li> <li>Milk</li> </ol> </body> </html> ",
  "parallel/foo-1.html": "<!doctype html> <html lang="en"> <head> <meta charset="UTF-8"> <meta name="viewport" content="width=device-width,user-scalable=no,initial-scale=1,maximum-scale=1,minimum-scale=1"> <meta http-equiv="X-UA-Compatible" content="ie=edge"> <title>Cache-1</title> </head> <body> <h1>My First Heading</h1> <p>My first paragraph.</p> <h2>An Unordered HTML List</h2> <ul> <li>Coffee</li> <li>Tea</li> <li>Milk</li> </ul> <h2>An Ordered HTML List</h2> <ol> <li>Coffee</li> <li>Tea</li> <li>Milk</li> </ol> </body> </html> ",
  "parallel/foo-2.html": "<!doctype html> <html lang="en"> <head> <meta charset="UTF-8"> <meta name="viewport" content="width=device-width,user-scalable=no,initial-scale=1,maximum-scale=1,minimum-scale=1"> <meta http-equiv="X-UA-Compatible" content="ie=edge"> <title>Cache-2</title> </head> <body> <h1>My First Heading</h1> <p>My first paragraph.</p> <h2>An Unordered HTML List</h2> <ul> <li>Coffee</li> <li>Tea</li> <li>Milk</li> </ul> <h2>An Ordered HTML List</h2> <ol> <li>Coffee</li> <li>Tea</li> <li>Milk</li> </ol> </body> </html> ",
  "parallel/foo-3.html": "<!doctype html> <html lang="en"> <head> <meta charset="UTF-8"> <meta name="viewport" content="width=device-width,user-scalable=no,initial-scale=1,maximum-scale=1,minimum-scale=1"> <meta http-equiv="X-UA-Compatible" content="ie=edge"> <title>Cache-3</title> </head> <body> <h1>My First Heading</h1> <p>My first paragraph.</p> <h2>An Unordered HTML List</h2> <ul> <li>Coffee</li> <li>Tea</li> <li>Milk</li> </ul> <h2>An Ordered HTML List</h2> <ol> <li>Coffee</li> <li>Tea</li> <li>Milk</li> </ol> </body> </html> ",
  "parallel/foo-4.html": "<!doctype html> <html lang="en"> <head> <meta charset="UTF-8"> <meta name="viewport" content="width=device-width,user-scalable=no,initial-scale=1,maximum-scale=1,minimum-scale=1"> <meta http-equiv="X-UA-Compatible" content="ie=edge"> <title>Cache-4</title> </head> <body> <h1>My First Heading</h1> <p>My first paragraph.</p> <h2>An Unordered HTML List</h2> <ul> <li>Coffee</li> <li>Tea</li> <li>Milk</li> </ul> <h2>An Ordered HTML List</h2> <ol> <li>Coffee</li> <li>Tea</li> <li>Milk</li> </ol> </body> </html> ",
  "parallel/foo-5.html": "<!doctype html> <html lang="en"> <head> <meta charset="UTF-8"> <meta name="viewport" content="width=device-width,user-scalable=no,initial-scale=1,maximum-scale=1,minimum-scale=1"> <meta http-equiv="X-UA-Compatible" content="ie=edge"> <title>Cache-4</title> </head> <body> <h1>My First Heading</h1> <p>My first paragraph.</p> <h2>An Unordered HTML List</h2> <ul> <li>Coffee</li> <li>Tea</li> <li>Milk</li> </ul> <h2>An Ordered HTML List</h2> <ol> <li>Coffee</li> <li>Tea</li> <li>Milk</li> </ol> </body> </html> ",
  "parallel/foo-6.html": "<!doctype html> <html lang="en"> <head> <meta charset="UTF-8"> <meta name="viewport" content="width=device-width,user-scalable=no,initial-scale=1,maximum-scale=1,minimum-scale=1"> <meta http-equiv="X-UA-Compatible" content="ie=edge"> <title>Cache-4</title> </head> <body> <h1>My First Heading</h1> <p>My first paragraph.</p> <h2>An Unordered HTML List</h2> <ul> <li>Coffee</li> <li>Tea</li> <li>Milk</li> </ul> <h2>An Ordered HTML List</h2> <ol> <li>Coffee</li> <li>Tea</li> <li>Milk</li> </ol> </body> </html> ",
  "parallel/foo-7.html": "<!doctype html> <html lang="en"> <head> <meta charset="UTF-8"> <meta name="viewport" content="width=device-width,user-scalable=no,initial-scale=1,maximum-scale=1,minimum-scale=1"> <meta http-equiv="X-UA-Compatible" content="ie=edge"> <title>Cache-4</title> </head> <body> <h1>My First Heading</h1> <p>My first paragraph.</p> <h2>An Unordered HTML List</h2> <ul> <li>Coffee</li> <li>Tea</li> <li>Milk</li> </ul> <h2>An Ordered HTML List</h2> <ol> <li>Coffee</li> <li>Tea</li> <li>Milk</li> </ol> </body> </html> ",
}
`;

exports[`parallel option should match snapshot for the "true" value and the number of files is more than the number of cores: errors 1`] = `[]`;

exports[`parallel option should match snapshot for the "true" value and the number of files is more than the number of cores: warnings 1`] = `[]`;

exports[`parallel option should match snapshot for the "true" value and the number of files is same than the number of cores: assets 1`] = `
{
  "parallel/foo-0.html": "<!doctype html> <html lang="en"> <head> <meta charset="UTF-8"> <meta name="viewport" content="width=device-width,user-scalable=no,initial-scale=1,maximum-scale=1,minimum-scale=1"> <meta http-equiv="X-UA-Compatible" content="ie=edge"> <title>Cache</title> </head> <body> <h1>My First Heading</h1> <p>My first paragraph.</p> <h2>An Unordered HTML List</h2> <ul> <li>Coffee</li> <li>Tea</li> <li>Milk</li> </ul> <h2>An Ordered HTML List</h2> <ol> <li>Coffee</li> <li>Tea</li> <li>Milk</li> </ol> </body> </html> ",
  "parallel/foo-1.html": "<!doctype html> <html lang="en"> <head> <meta charset="UTF-8"> <meta name="viewport" content="width=device-width,user-scalable=no,initial-scale=1,maximum-scale=1,minimum-scale=1"> <meta http-equiv="X-UA-Compatible" content="ie=edge"> <title>Cache-1</title> </head> <body> <h1>My First Heading</h1> <p>My first paragraph.</p> <h2>An Unordered HTML List</h2> <ul> <li>Coffee</li> <li>Tea</li> <li>Milk</li> </ul> <h2>An Ordered HTML List</h2> <ol> <li>Coffee</li> <li>Tea</li> <li>Milk</li> </ol> </body> </html> ",
  "parallel/foo-2.html": "<!doctype html> <html lang="en"> <head> <meta charset="UTF-8"> <meta name="viewport" content="width=device-width,user-scalable=no,initial-scale=1,maximum-scale=1,minimum-scale=1"> <meta http-equiv="X-UA-Compatible" content="ie=edge"> <title>Cache-2</title> </head> <body> <h1>My First Heading</h1> <p>My first paragraph.</p> <h2>An Unordered HTML List</h2> <ul> <li>Coffee</li> <li>Tea</li> <li>Milk</li> </ul> <h2>An Ordered HTML List</h2> <ol> <li>Coffee</li> <li>Tea</li> <li>Milk</li> </ol> </body> </html> ",
  "parallel/foo-3.html": "<!doctype html> <html lang="en"> <head> <meta charset="UTF-8"> <meta name="viewport" content="width=device-width,user-scalable=no,initial-scale=1,maximum-scale=1,minimum-scale=1"> <meta http-equiv="X-UA-Compatible" content="ie=edge"> <title>Cache-3</title> </head> <body> <h1>My First Heading</h1> <p>My first paragraph.</p> <h2>An Unordered HTML List</h2> <ul> <li>Coffee</li> <li>Tea</li> <li>Milk</li> </ul> <h2>An Ordered HTML List</h2> <ol> <li>Coffee</li> <li>Tea</li> <li>Milk</li> </ol> </body> </html> ",
}
`;

exports[`parallel option should match snapshot for the "true" value and the number of files is same than the number of cores: errors 1`] = `[]`;

exports[`parallel option should match snapshot for the "true" value and the number of files is same than the number of cores: warnings 1`] = `[]`;

exports[`parallel option should match snapshot for the "true" value when only one file passed: assets 1`] = `
{
  "simple.html": "<!doctype html> <html lang="en"> <head> <meta charset="UTF-8"> <meta name="viewport" content="width=device-width,user-scalable=no,initial-scale=1,maximum-scale=1,minimum-scale=1"> <meta http-equiv="X-UA-Compatible" content="ie=edge"> <title>Document</title> </head> <body> <h1>My First Heading</h1> <p>My first paragraph.</p> <h2>An Unordered HTML List</h2> <ul> <li>Coffee</li> <li>Tea</li> <li>Milk</li> </ul> <h2>An Ordered HTML List</h2> <ol> <li>Coffee</li> <li>Tea</li> <li>Milk</li> </ol> </body> </html> ",
}
`;

exports[`parallel option should match snapshot for the "true" value when only one file passed: errors 1`] = `[]`;

exports[`parallel option should match snapshot for the "true" value when only one file passed: warnings 1`] = `[]`;

exports[`parallel option should match snapshot for the "true" value: assets 1`] = `
{
  "parallel/foo-0.html": "<!doctype html> <html lang="en"> <head> <meta charset="UTF-8"> <meta name="viewport" content="width=device-width,user-scalable=no,initial-scale=1,maximum-scale=1,minimum-scale=1"> <meta http-equiv="X-UA-Compatible" content="ie=edge"> <title>Cache</title> </head> <body> <h1>My First Heading</h1> <p>My first paragraph.</p> <h2>An Unordered HTML List</h2> <ul> <li>Coffee</li> <li>Tea</li> <li>Milk</li> </ul> <h2>An Ordered HTML List</h2> <ol> <li>Coffee</li> <li>Tea</li> <li>Milk</li> </ol> </body> </html> ",
  "parallel/foo-1.html": "<!doctype html> <html lang="en"> <head> <meta charset="UTF-8"> <meta name="viewport" content="width=device-width,user-scalable=no,initial-scale=1,maximum-scale=1,minimum-scale=1"> <meta http-equiv="X-UA-Compatible" content="ie=edge"> <title>Cache-1</title> </head> <body> <h1>My First Heading</h1> <p>My first paragraph.</p> <h2>An Unordered HTML List</h2> <ul> <li>Coffee</li> <li>Tea</li> <li>Milk</li> </ul> <h2>An Ordered HTML List</h2> <ol> <li>Coffee</li> <li>Tea</li> <li>Milk</li> </ol> </body> </html> ",
  "parallel/foo-2.html": "<!doctype html> <html lang="en"> <head> <meta charset="UTF-8"> <meta name="viewport" content="width=device-width,user-scalable=no,initial-scale=1,maximum-scale=1,minimum-scale=1"> <meta http-equiv="X-UA-Compatible" content="ie=edge"> <title>Cache-2</title> </head> <body> <h1>My First Heading</h1> <p>My first paragraph.</p> <h2>An Unordered HTML List</h2> <ul> <li>Coffee</li> <li>Tea</li> <li>Milk</li> </ul> <h2>An Ordered HTML List</h2> <ol> <li>Coffee</li> <li>Tea</li> <li>Milk</li> </ol> </body> </html> ",
  "parallel/foo-3.html": "<!doctype html> <html lang="en"> <head> <meta charset="UTF-8"> <meta name="viewport" content="width=device-width,user-scalable=no,initial-scale=1,maximum-scale=1,minimum-scale=1"> <meta http-equiv="X-UA-Compatible" content="ie=edge"> <title>Cache-3</title> </head> <body> <h1>My First Heading</h1> <p>My first paragraph.</p> <h2>An Unordered HTML List</h2> <ul> <li>Coffee</li> <li>Tea</li> <li>Milk</li> </ul> <h2>An Ordered HTML List</h2> <ol> <li>Coffee</li> <li>Tea</li> <li>Milk</li> </ol> </body> </html> ",
  "parallel/foo-4.html": "<!doctype html> <html lang="en"> <head> <meta charset="UTF-8"> <meta name="viewport" content="width=device-width,user-scalable=no,initial-scale=1,maximum-scale=1,minimum-scale=1"> <meta http-equiv="X-UA-Compatible" content="ie=edge"> <title>Cache-4</title> </head> <body> <h1>My First Heading</h1> <p>My first paragraph.</p> <h2>An Unordered HTML List</h2> <ul> <li>Coffee</li> <li>Tea</li> <li>Milk</li> </ul> <h2>An Ordered HTML List</h2> <ol> <li>Coffee</li> <li>Tea</li> <li>Milk</li> </ol> </body> </html> ",
}
`;

exports[`parallel option should match snapshot for the "true" value: errors 1`] = `[]`;

exports[`parallel option should match snapshot for the "true" value: warnings 1`] = `[]`;

exports[`parallel option should match snapshot when a value is not specify: assets 1`] = `
{
  "parallel/foo-0.html": "<!doctype html> <html lang="en"> <head> <meta charset="UTF-8"> <meta name="viewport" content="width=device-width,user-scalable=no,initial-scale=1,maximum-scale=1,minimum-scale=1"> <meta http-equiv="X-UA-Compatible" content="ie=edge"> <title>Cache</title> </head> <body> <h1>My First Heading</h1> <p>My first paragraph.</p> <h2>An Unordered HTML List</h2> <ul> <li>Coffee</li> <li>Tea</li> <li>Milk</li> </ul> <h2>An Ordered HTML List</h2> <ol> <li>Coffee</li> <li>Tea</li> <li>Milk</li> </ol> </body> </html> ",
  "parallel/foo-1.html": "<!doctype html> <html lang="en"> <head> <meta charset="UTF-8"> <meta name="viewport" content="width=device-width,user-scalable=no,initial-scale=1,maximum-scale=1,minimum-scale=1"> <meta http-equiv="X-UA-Compatible" content="ie=edge"> <title>Cache-1</title> </head> <body> <h1>My First Heading</h1> <p>My first paragraph.</p> <h2>An Unordered HTML List</h2> <ul> <li>Coffee</li> <li>Tea</li> <li>Milk</li> </ul> <h2>An Ordered HTML List</h2> <ol> <li>Coffee</li> <li>Tea</li> <li>Milk</li> </ol> </body> </html> ",
  "parallel/foo-2.html": "<!doctype html> <html lang="en"> <head> <meta charset="UTF-8"> <meta name="viewport" content="width=device-width,user-scalable=no,initial-scale=1,maximum-scale=1,minimum-scale=1"> <meta http-equiv="X-UA-Compatible" content="ie=edge"> <title>Cache-2</title> </head> <body> <h1>My First Heading</h1> <p>My first paragraph.</p> <h2>An Unordered HTML List</h2> <ul> <li>Coffee</li> <li>Tea</li> <li>Milk</li> </ul> <h2>An Ordered HTML List</h2> <ol> <li>Coffee</li> <li>Tea</li> <li>Milk</li> </ol> </body> </html> ",
  "parallel/foo-3.html": "<!doctype html> <html lang="en"> <head> <meta charset="UTF-8"> <meta name="viewport" content="width=device-width,user-scalable=no,initial-scale=1,maximum-scale=1,minimum-scale=1"> <meta http-equiv="X-UA-Compatible" content="ie=edge"> <title>Cache-3</title> </head> <body> <h1>My First Heading</h1> <p>My first paragraph.</p> <h2>An Unordered HTML List</h2> <ul> <li>Coffee</li> <li>Tea</li> <li>Milk</li> </ul> <h2>An Ordered HTML List</h2> <ol> <li>Coffee</li> <li>Tea</li> <li>Milk</li> </ol> </body> </html> ",
  "parallel/foo-4.html": "<!doctype html> <html lang="en"> <head> <meta charset="UTF-8"> <meta name="viewport" content="width=device-width,user-scalable=no,initial-scale=1,maximum-scale=1,minimum-scale=1"> <meta http-equiv="X-UA-Compatible" content="ie=edge"> <title>Cache-4</title> </head> <body> <h1>My First Heading</h1> <p>My first paragraph.</p> <h2>An Unordered HTML List</h2> <ul> <li>Coffee</li> <li>Tea</li> <li>Milk</li> </ul> <h2>An Ordered HTML List</h2> <ol> <li>Coffee</li> <li>Tea</li> <li>Milk</li> </ol> </body> </html> ",
}
`;

exports[`parallel option should match snapshot when a value is not specify: errors 1`] = `[]`;

exports[`parallel option should match snapshot when a value is not specify: warnings 1`] = `[]`;
